Microchip MPLAB XC8 Compiler V2.32

Linker command line:

-W-3 --edf=C:\Program Files\Microchip\xc8\v2.32\pic\dat\en_msgs.txt \
  -pivt0x8=08h -cn \
  -h+dist/default/production\can_door_monitor_k83.X.production.sym \
  --cmf=dist/default/production\can_door_monitor_k83.X.production.cmf -z \
  -Q18F26K83 -oC:\Users\nemet\AppData\Local\Temp\xcAs1llc.4 \
  --defsym=__MPLAB_BUILD=1 \
  -Mdist/default/production/can_door_monitor_k83.X.production.map -E1 \
  -ver=XC8 Compiler --acfsm=1493 -ASTACK=060h-0FFFh -pstack=STACK \
  -ACODE=00h-0FFFFh -ACONST=00h-0FFFFh -ASMALLCONST=01000h-010FFhx240 \
  -AMEDIUMCONST=01000h-0FFFFh -ACOMRAM=01h-05Fh -AABS1=00h-0FFFh \
  -ABIGRAM=01h-0FFFh -ARAM=060h-0FFh,0100h-01FFhx15 -ABANK0=060h-0FFh \
  -ABANK1=0100h-01FFh -ABANK2=0200h-02FFh -ABANK3=0300h-03FFh \
  -ABANK4=0400h-04FFh -ABANK5=0500h-05FFh -ABANK6=0600h-06FFh \
  -ABANK7=0700h-07FFh -ABANK8=0800h-08FFh -ABANK9=0900h-09FFh \
  -ABANK10=0A00h-0AFFh -ABANK11=0B00h-0BFFh -ABANK12=0C00h-0CFFh \
  -ABANK13=0D00h-0DFFh -ABANK14=0E00h-0EFFh -ABANK15=0F00h-0FFFh \
  -ASFR=03700h-037FFhx8,03F00h-03F5Fh,03F60h-03FFFh \
  -ACONFIG=0300000h-0300009h -AIDLOC=0200000h-020000Fh \
  -AEEDATA=0310000h-03103FFh -peeprom_data=EEDATA -preset_vec=00h \
  -ppowerup=CODE,init -pramtop=01000h -psmallconst=SMALLCONST \
  -pmediumconst=MEDIUMCONST -pconst=CONST -AFARRAM=00h-00h \
  -prdata=COMRAM,nvrram=COMRAM,nvbit=COMRAM,rbss=COMRAM,rbit=COMRAM \
  -pfarbss=FARRAM,fardata=FARRAM,nvFARRAM=FARRAM \
  -pintsave_regs=BIGRAM,bigbss=BIGRAM,bigdata=BIGRAM -pbss=RAM \
  -pidata=CODE,irdata=CODE,ibigdata=CODE,ifardata=CODE -prparam=COMRAM \
  C:\Users\nemet\AppData\Local\Temp\xcAs1llc.o \
  dist/default/production\can_door_monitor_k83.X.production.o 

Object code version is 3.11

Machine type is 18F26K83



                Name                               Link     Load   Length Selector   Space Scale
C:\Users\nemet\AppData\Local\Temp\xcAs1llc.o
                idloc                            200000   200000       10        0       5
                config                           300000   300000        A        0       4
                init                                 1A       1A        4        4       0
                reset_vec                             0        0        4        0       0
dist/default/production\can_door_monitor_k83.X.production.o
                idloc                            200000   200000       10        0       5
                config                           300000   300000        A        0       4
                ivt0x8                                8        8       12        4       0
                text24                              40C      40C      13A        4       0
                text23                              6B2      6B2       78        4       0
                text22                               1E       1E      2AE        4       0
                text21                              2CC      2CC      140        4       0
                text20                              990      990        2        4       0
                text19                              920      920       20        4       0
                text18                              98E      98E        2        4       0
                text17                              900      900       20        4       0
                text16                              98C      98C        2        4       0
                text15                              636      636       7C        4       0
                text14                              832      832       2E        4       0
                text13                              978      978        A        4       0
                text12                              72A      72A       70        4       0
                text11                              96E      96E        A        4       0
                text10                              964      964        A        4       0
                text9                               546      546       F0        4       0
                text8                               986      986        4        4       0
                text7                               8B6      8B6       26        4       0
                text6                               79A      79A       5A        4       0
                text5                               8DC      8DC       24        4       0
                text4                               95A      95A        A        4       0
                text3                               860      860       2C        4       0
                text2                               940      940       1A        4       0
                text1                               982      982        4        4       0
                text0                               88C      88C       2A        4       0
                cstackCOMRAM                         1B       1B       18        1       1
                dataCOMRAM                           33       33        2        1       1
                bssCOMRAM                             1        1       1A        1       1
                cinit                               7F4      7F4       3E        4       0
                idataCOMRAM                         98A      98A        2        4       0

TOTAL           Name                               Link     Load   Length     Space
        CLASS   STACK          

        CLASS   CODE           
                init                                 1A       1A        4         0
                reset_vec                             0        0        4         0
                ivt0x8                                8        8       12         0
                text24                              40C      40C      13A         0
                text23                              6B2      6B2       78         0
                text22                               1E       1E      2AE         0
                text21                              2CC      2CC      140         0
                text20                              990      990        2         0
                text19                              920      920       20         0
                text18                              98E      98E        2         0
                text17                              900      900       20         0
                text16                              98C      98C        2         0
                text15                              636      636       7C         0
                text14                              832      832       2E         0
                text13                              978      978        A         0
                text12                              72A      72A       70         0
                text11                              96E      96E        A         0
                text10                              964      964        A         0
                text9                               546      546       F0         0
                text8                               986      986        4         0
                text7                               8B6      8B6       26         0
                text6                               79A      79A       5A         0
                text5                               8DC      8DC       24         0
                text4                               95A      95A        A         0
                text3                               860      860       2C         0
                text2                               940      940       1A         0
                text1                               982      982        4         0
                text0                               88C      88C       2A         0
                cinit                               7F4      7F4       3E         0
                idataCOMRAM                         98A      98A        2         0

        CLASS   CONST          

        CLASS   SMALLCONST     

        CLASS   MEDIUMCONST    

        CLASS   COMRAM         
                cstackCOMRAM                         1B       1B       18         1
                dataCOMRAM                           33       33        2         1
                bssCOMRAM                             1        1       1A         1

        CLASS   ABS1           

        CLASS   BIGRAM         

        CLASS   RAM            

        CLASS   BANK0          

        CLASS   BANK1          

        CLASS   BANK2          

        CLASS   BANK3          

        CLASS   BANK4          

        CLASS   BANK5          

        CLASS   BANK6          

        CLASS   BANK7          

        CLASS   BANK8          

        CLASS   BANK9          

        CLASS   BANK10         

        CLASS   BANK11         

        CLASS   BANK12         

        CLASS   BANK13         

        CLASS   BANK14         

        CLASS   BANK15         

        CLASS   SFR            

        CLASS   CONFIG         
                config                           300000   300000        A         4

        CLASS   IDLOC          
                idloc                            200000   200000       10         5

        CLASS   EEDATA         

        CLASS   FARRAM         



SEGMENTS        Name                           Load    Length   Top    Selector   Space  Class

                reset_vec                      000000  000004  000004         0       0  CODE    
                bssCOMRAM                      000001  000034  000035         1       1  COMRAM  
                ivt0x8                         000008  00098A  000992         4       0  CODE    


UNUSED ADDRESS RANGES

        Name                Unused          Largest block    Delta
        BANK0            000060-0000FF               A0
        BANK1            000100-0001FF              100
        BANK10           000A00-000AFF              100
        BANK11           000B00-000BFF              100
        BANK12           000C00-000CFF              100
        BANK13           000D00-000DFF              100
        BANK14           000E00-000EFF              100
        BANK15           000F00-000FFF              100
        BANK2            000200-0002FF              100
        BANK3            000300-0003FF              100
        BANK4            000400-0004FF              100
        BANK5            000500-0005FF              100
        BANK6            000600-0006FF              100
        BANK7            000700-0007FF              100
        BANK8            000800-0008FF              100
        BANK9            000900-0009FF              100
        BIGRAM           000035-000FFF              FCB
        CODE             000004-000007                4
                         000992-00FFFF             F66E
        COMRAM           000035-00005F               2B
        CONST            000004-000007                4
                         000992-00FFFF             F66E
        EEDATA           310000-3103FF              400
        MEDIUMCONST      001000-00FFFF             F000
        RAM              000060-000FFF              100
        SFR              003700-003FFF              100
        SMALLCONST       001000-00FFFF              100
        STACK            000060-000FFF              FA0

                                  Symbol Table

?_convertReg2ExtendedCANid                         cstackCOMRAM 00001B
?_convertReg2StandardCANid                         cstackCOMRAM 00001B
CAN_receive@tempCanMsg                             cstackCOMRAM 00002E
ECAN_SetRXB0InterruptHandler@handler               cstackCOMRAM 000030
ECAN_SetWakeUpInterruptHandler@handler             cstackCOMRAM 000030
IVTBASEH                                           (abs)        003FD6
IVTBASEL                                           (abs)        003FD5
IVTBASEU                                           (abs)        003FD7
TMR6_SetInterruptHandler@InterruptHandler          cstackCOMRAM 000030
_ANSELA                                            (abs)        003A40
_ANSELB                                            (abs)        003A50
_ANSELC                                            (abs)        003A60
_BRGCON1                                           (abs)        003703
_BRGCON2                                           (abs)        003704
_BRGCON3                                           (abs)        003705
_CANCON                                            (abs)        003F8F
_CANRXPPS                                          (abs)        003AED
_CANSTAT                                           (abs)        003F8E
_CAN_receive                                       text22       00001E
_CIOCON                                            (abs)        003700
_COMSTATbits                                       (abs)        003F90
_ECANCON                                           (abs)        003F91
_ECAN_Initialize                                   text9        000546
_ECAN_RXB0I_ISR                                    text19       000920
_ECAN_SetRXB0InterruptHandler                      text11       00096E
_ECAN_SetWakeUpInterruptHandler                    text10       000964
_ECAN_WAKI_ISR                                     text17       000900
_INLVLA                                            (abs)        003A44
_INLVLB                                            (abs)        003A54
_INLVLC                                            (abs)        003A64
_INLVLE                                            (abs)        003A84
_INTCON0bits                                       (abs)        003FD2
_INTERRUPT_Initialize                              text8        000986
_INTERRUPT_InterruptManager                        text12       00072A
_LATA                                              (abs)        003FBA
_LATB                                              (abs)        003FBB
_LATC                                              (abs)        003FBC
_LATCbits                                          (abs)        003FBC
_ODCONA                                            (abs)        003A42
_ODCONB                                            (abs)        003A52
_ODCONC                                            (abs)        003A62
_OSCCON1                                           (abs)        0039D9
_OSCCON3                                           (abs)        0039DB
_OSCEN                                             (abs)        0039DD
_OSCFRQ                                            (abs)        0039DF
_OSCILLATOR_Initialize                             text7        0008B6
_OSCTUNE                                           (abs)        0039DE
_PIE5bits                                          (abs)        003995
_PIE9bits                                          (abs)        003999
_PIN_MANAGER_Initialize                            text6        00079A
_PIR5bits                                          (abs)        0039A5
_PIR9bits                                          (abs)        0039A9
_PLLR                                              (abs)        01CEE0
_PMD0                                              (abs)        0039C0
_PMD1                                              (abs)        0039C1
_PMD2                                              (abs)        0039C2
_PMD3                                              (abs)        0039C3
_PMD4                                              (abs)        0039C4
_PMD5                                              (abs)        0039C5
_PMD6                                              (abs)        0039C6
_PMD7                                              (abs)        0039C7
_PMD_Initialize                                    text5        0008DC
_PR6                                               (abs)        003F93
_RB4PPS                                            (abs)        003A0C
_RXB0CONbits                                       (abs)        003F80
_RXB0D0                                            (abs)        003F86
_RXB0D1                                            (abs)        003F87
_RXB0D2                                            (abs)        003F88
_RXB0D3                                            (abs)        003F89
_RXB0D4                                            (abs)        003F8A
_RXB0D5                                            (abs)        003F8B
_RXB0D6                                            (abs)        003F8C
_RXB0D7                                            (abs)        003F8D
_RXB0DLC                                           (abs)        003F85
_RXB0DefaultInterruptHandler                       text20       000990
_RXB0EIDH                                          (abs)        003F83
_RXB0EIDL                                          (abs)        003F84
_RXB0InterruptHandler                              text21       0002CC
_RXB0InterruptHandler@ecan$F705                    bssCOMRAM    000007
_RXB0SIDH                                          (abs)        003F81
_RXB0SIDL                                          (abs)        003F82
_RXB1CONbits                                       (abs)        0037F0
_RXB1D0                                            (abs)        0037F6
_RXB1D1                                            (abs)        0037F7
_RXB1D2                                            (abs)        0037F8
_RXB1D3                                            (abs)        0037F9
_RXB1D4                                            (abs)        0037FA
_RXB1D5                                            (abs)        0037FB
_RXB1D6                                            (abs)        0037FC
_RXB1D7                                            (abs)        0037FD
_RXB1DLC                                           (abs)        0037F5
_RXB1EIDH                                          (abs)        0037F3
_RXB1EIDL                                          (abs)        0037F4
_RXB1SIDH                                          (abs)        0037F1
_RXB1SIDL                                          (abs)        0037F2
_RXF0EIDH                                          (abs)        0037A2
_RXF0EIDL                                          (abs)        0037A3
_RXF0SIDH                                          (abs)        0037A0
_RXF0SIDL                                          (abs)        0037A1
_RXF1EIDH                                          (abs)        0037A6
_RXF1EIDL                                          (abs)        0037A7
_RXF1SIDH                                          (abs)        0037A4
_RXF1SIDL                                          (abs)        0037A5
_RXF2EIDH                                          (abs)        0037AA
_RXF2EIDL                                          (abs)        0037AB
_RXF2SIDH                                          (abs)        0037A8
_RXF2SIDL                                          (abs)        0037A9
_RXF3EIDH                                          (abs)        0037AE
_RXF3EIDL                                          (abs)        0037AF
_RXF3SIDH                                          (abs)        0037AC
_RXF3SIDL                                          (abs)        0037AD
_RXF4EIDH                                          (abs)        0037B2
_RXF4EIDL                                          (abs)        0037B3
_RXF4SIDH                                          (abs)        0037B0
_RXF4SIDL                                          (abs)        0037B1
_RXF5EIDH                                          (abs)        0037B6
_RXF5EIDL                                          (abs)        0037B7
_RXF5SIDH                                          (abs)        0037B4
_RXF5SIDL                                          (abs)        0037B5
_RXM0EIDH                                          (abs)        0037BA
_RXM0EIDL                                          (abs)        0037BB
_RXM0SIDH                                          (abs)        0037B8
_RXM0SIDL                                          (abs)        0037B9
_RXM1EIDH                                          (abs)        0037BE
_RXM1EIDL                                          (abs)        0037BF
_RXM1SIDH                                          (abs)        0037BC
_RXM1SIDL                                          (abs)        0037BD
_SLRCONA                                           (abs)        003A43
_SLRCONB                                           (abs)        003A53
_SLRCONC                                           (abs)        003A63
_SYSTEM_Initialize                                 text2        000940
_T6CLKCON                                          (abs)        003F96
_T6CON                                             (abs)        003F94
_T6CONbits                                         (abs)        003F94
_T6HLT                                             (abs)        003F95
_T6HLTbits                                         (abs)        003F95
_T6PR                                              (abs)        003F93
_T6RST                                             (abs)        003F97
_T6RSTbits                                         (abs)        003F97
_T6TMR                                             (abs)        003F92
_TMR6                                              (abs)        003F92
_TMR6InterruptHandler                              text15       000636
_TMR6_CallBack                                     text14       000832
_TMR6_DefaultInterruptHandler                      text16       00098C
_TMR6_ISR                                          text13       000978
_TMR6_Initialize                                   text3        000860
_TMR6_InterruptHandler                             bssCOMRAM    000003
_TMR6_SetInterruptHandler                          text4        00095A
_TMR6_Start                                        text1        000982
_TRISA                                             (abs)        003FC2
_TRISB                                             (abs)        003FC3
_TRISC                                             (abs)        003FC4
_TXB0CONbits                                       (abs)        0037E0
_TXB0D0                                            (abs)        0037E6
_TXB0D1                                            (abs)        0037E7
_TXB0D2                                            (abs)        0037E8
_TXB0D3                                            (abs)        0037E9
_TXB0D4                                            (abs)        0037EA
_TXB0D5                                            (abs)        0037EB
_TXB0D6                                            (abs)        0037EC
_TXB0D7                                            (abs)        0037ED
_TXB0DLC                                           (abs)        0037E5
_TXB0EIDH                                          (abs)        0037E3
_TXB0EIDL                                          (abs)        0037E4
_TXB0SIDH                                          (abs)        0037E1
_TXB0SIDL                                          (abs)        0037E2
_TXB1CONbits                                       (abs)        0037D0
_TXB1D0                                            (abs)        0037D6
_TXB1D1                                            (abs)        0037D7
_TXB1D2                                            (abs)        0037D8
_TXB1D3                                            (abs)        0037D9
_TXB1D4                                            (abs)        0037DA
_TXB1D5                                            (abs)        0037DB
_TXB1D6                                            (abs)        0037DC
_TXB1D7                                            (abs)        0037DD
_TXB1DLC                                           (abs)        0037D5
_TXB1EIDH                                          (abs)        0037D3
_TXB1EIDL                                          (abs)        0037D4
_TXB1SIDH                                          (abs)        0037D1
_TXB1SIDL                                          (abs)        0037D2
_TXB2CONbits                                       (abs)        0037C0
_TXB2D0                                            (abs)        0037C6
_TXB2D1                                            (abs)        0037C7
_TXB2D2                                            (abs)        0037C8
_TXB2D3                                            (abs)        0037C9
_TXB2D4                                            (abs)        0037CA
_TXB2D5                                            (abs)        0037CB
_TXB2D6                                            (abs)        0037CC
_TXB2D7                                            (abs)        0037CD
_TXB2DLC                                           (abs)        0037C5
_TXB2EIDH                                          (abs)        0037C3
_TXB2EIDL                                          (abs)        0037C4
_TXB2SIDH                                          (abs)        0037C1
_TXB2SIDL                                          (abs)        0037C2
_WPUA                                              (abs)        003A41
_WPUB                                              (abs)        003A51
_WPUC                                              (abs)        003A61
_WPUE                                              (abs)        003A81
_WakeUpDefaultInterruptHandler                     text18       00098E
_WakeUpInterruptHandler                            bssCOMRAM    000005
__HRAM                                             (abs)        000000
__Habs1                                            abs1         000000
__Hbank0                                           bank0        000000
__Hbank1                                           bank1        000000
__Hbank10                                          bank10       000000
__Hbank11                                          bank11       000000
__Hbank12                                          bank12       000000
__Hbank13                                          bank13       000000
__Hbank14                                          bank14       000000
__Hbank15                                          bank15       000000
__Hbank2                                           bank2        000000
__Hbank3                                           bank3        000000
__Hbank4                                           bank4        000000
__Hbank5                                           bank5        000000
__Hbank6                                           bank6        000000
__Hbank7                                           bank7        000000
__Hbank8                                           bank8        000000
__Hbank9                                           bank9        000000
__Hbigbss                                          bigbss       000000
__Hbigdata                                         bigdata      000000
__Hbigram                                          bigram       000000
__Hbss                                             bss          000000
__HbssCOMRAM                                       bssCOMRAM    000000
__Hcinit                                           cinit        000000
__Hclrtext                                         clrtext      000000
__Hcomram                                          comram       000000
__Hconfig                                          config       30000A
__Hconst                                           const        000000
__HcstackCOMRAM                                    cstackCOMRAM 000000
__Hdata                                            data         000000
__HdataCOMRAM                                      dataCOMRAM   000000
__Heeprom_data                                     eeprom_data  000000
__Hfarbss                                          farbss       000000
__Hfardata                                         fardata      000000
__Hibigdata                                        ibigdata     000000
__Hidata                                           idata        000000
__HidataCOMRAM                                     idataCOMRAM  000000
__Hidloc                                           idloc        200010
__Hifardata                                        ifardata     000000
__Hinit                                            init         00001E
__Hintsave_regs                                    intsave_regs 000000
__Hirdata                                          irdata       000000
__Hivt0x8                                          ivt0x8       00001A
__Hmediumconst                                     mediumconst  000000
__HnvFARRAM                                        nvFARRAM     000000
__Hnvbit                                           nvbit        000000
__Hnvrram                                          nvrram       000000
__Hparam                                           rparam       000000
__Hpowerup                                         powerup      000000
__Hram                                             ram          000000
__Hramtop                                          ramtop       001000
__Hrbit                                            rbit         000000
__Hrbss                                            rbss         000000
__Hrdata                                           rdata        000000
__Hreset_vec                                       reset_vec    000004
__Hrparam                                          rparam       000000
__Hsfr                                             sfr          000000
__Hsmallconst                                      smallconst   000000
__Hspace_0                                         (abs)        001000
__Hspace_1                                         (abs)        000035
__Hspace_2                                         (abs)        000000
__Hspace_4                                         (abs)        60000A
__Hstack                                           stack        000000
__Hstruct                                          struct       000000
__Htemp                                            temp         000000
__Htext                                            text         000000
__Htext0                                           text0        000000
__Htext1                                           text1        000000
__Htext10                                          text10       000000
__Htext11                                          text11       000000
__Htext12                                          text12       000000
__Htext13                                          text13       000000
__Htext14                                          text14       000000
__Htext15                                          text15       000000
__Htext16                                          text16       000000
__Htext17                                          text17       000000
__Htext18                                          text18       000000
__Htext19                                          text19       000000
__Htext2                                           text2        000000
__Htext20                                          text20       000000
__Htext21                                          text21       000000
__Htext22                                          text22       000000
__Htext23                                          text23       000000
__Htext24                                          text24       000000
__Htext25                                          text25       000000
__Htext3                                           text3        000000
__Htext4                                           text4        000000
__Htext5                                           text5        000000
__Htext6                                           text6        000000
__Htext7                                           text7        000000
__Htext8                                           text8        000000
__Htext9                                           text9        000000
__LRAM                                             (abs)        000001
__Labs1                                            abs1         000000
__Lbank0                                           bank0        000000
__Lbank1                                           bank1        000000
__Lbank10                                          bank10       000000
__Lbank11                                          bank11       000000
__Lbank12                                          bank12       000000
__Lbank13                                          bank13       000000
__Lbank14                                          bank14       000000
__Lbank15                                          bank15       000000
__Lbank2                                           bank2        000000
__Lbank3                                           bank3        000000
__Lbank4                                           bank4        000000
__Lbank5                                           bank5        000000
__Lbank6                                           bank6        000000
__Lbank7                                           bank7        000000
__Lbank8                                           bank8        000000
__Lbank9                                           bank9        000000
__Lbigbss                                          bigbss       000000
__Lbigdata                                         bigdata      000000
__Lbigram                                          bigram       000000
__Lbss                                             bss          000000
__LbssCOMRAM                                       bssCOMRAM    000000
__Lcinit                                           cinit        000000
__Lclrtext                                         clrtext      000000
__Lcomram                                          comram       000000
__Lconfig                                          config       000000
__Lconst                                           const        000000
__LcstackCOMRAM                                    cstackCOMRAM 000000
__Ldata                                            data         000000
__LdataCOMRAM                                      dataCOMRAM   000000
__Leeprom_data                                     eeprom_data  000000
__Lfarbss                                          farbss       000000
__Lfardata                                         fardata      000000
__Libigdata                                        ibigdata     000000
__Lidata                                           idata        000000
__LidataCOMRAM                                     idataCOMRAM  000000
__Lidloc                                           idloc        000000
__Lifardata                                        ifardata     000000
__Linit                                            init         00001A
__Lintsave_regs                                    intsave_regs 000000
__Lirdata                                          irdata       000000
__Livt0x8                                          ivt0x8       000008
__Lmediumconst                                     mediumconst  000000
__LnvFARRAM                                        nvFARRAM     000000
__Lnvbit                                           nvbit        000000
__Lnvrram                                          nvrram       000000
__Lparam                                           rparam       000000
__Lpowerup                                         powerup      000000
__Lram                                             ram          000000
__Lramtop                                          ramtop       001000
__Lrbit                                            rbit         000000
__Lrbss                                            rbss         000000
__Lrdata                                           rdata        000000
__Lreset_vec                                       reset_vec    000000
__Lrparam                                          rparam       000000
__Lsfr                                             sfr          000000
__Lsmallconst                                      smallconst   000000
__Lspace_0                                         (abs)        000000
__Lspace_1                                         (abs)        000000
__Lspace_2                                         (abs)        000000
__Lspace_4                                         (abs)        000000
__Lstack                                           stack        000000
__Lstruct                                          struct       000000
__Ltemp                                            temp         000000
__Ltext                                            text         000000
__Ltext0                                           text0        000000
__Ltext1                                           text1        000000
__Ltext10                                          text10       000000
__Ltext11                                          text11       000000
__Ltext12                                          text12       000000
__Ltext13                                          text13       000000
__Ltext14                                          text14       000000
__Ltext15                                          text15       000000
__Ltext16                                          text16       000000
__Ltext17                                          text17       000000
__Ltext18                                          text18       000000
__Ltext19                                          text19       000000
__Ltext2                                           text2        000000
__Ltext20                                          text20       000000
__Ltext21                                          text21       000000
__Ltext22                                          text22       000000
__Ltext23                                          text23       000000
__Ltext24                                          text24       000000
__Ltext25                                          text25       000000
__Ltext3                                           text3        000000
__Ltext4                                           text4        000000
__Ltext5                                           text5        000000
__Ltext6                                           text6        000000
__Ltext7                                           text7        000000
__Ltext8                                           text8        000000
__Ltext9                                           text9        000000
__S0                                               (abs)        000992
__S1                                               (abs)        000035
__S2                                               (abs)        000000
__S4                                               (abs)        000000
__S5                                               (abs)        000000
___inthi_sp                                        stack        000000
___intlo_sp                                        stack        000000
___param_bank                                      (abs)        000000
___rparam_used                                     (abs)        000001
___sp                                              stack        000000
__accesstop                                        (abs)        000060
__activetblptr                                     (abs)        000002
__end_of_CAN_receive                               text22       0002CC
__end_of_ECAN_Initialize                           text9        000636
__end_of_ECAN_RXB0I_ISR                            text19       000940
__end_of_ECAN_SetRXB0InterruptHandler              text11       000978
__end_of_ECAN_SetWakeUpInterruptHandler            text10       00096E
__end_of_ECAN_WAKI_ISR                             text17       000920
__end_of_INTERRUPT_Initialize                      text8        00098A
__end_of_INTERRUPT_InterruptManager                text12       00079A
__end_of_OSCILLATOR_Initialize                     text7        0008DC
__end_of_PIN_MANAGER_Initialize                    text6        0007F4
__end_of_PMD_Initialize                            text5        000900
__end_of_RXB0DefaultInterruptHandler               text20       000992
__end_of_RXB0InterruptHandler                      text21       00040C
__end_of_SYSTEM_Initialize                         text2        00095A
__end_of_TMR6InterruptHandler                      text15       0006B2
__end_of_TMR6_CallBack                             text14       000860
__end_of_TMR6_DefaultInterruptHandler              text16       00098E
__end_of_TMR6_ISR                                  text13       000982
__end_of_TMR6_Initialize                           text3        00088C
__end_of_TMR6_SetInterruptHandler                  text4        000964
__end_of_TMR6_Start                                text1        000986
__end_of_WakeUpDefaultInterruptHandler             text18       000990
__end_of__initialization                           cinit        000828
__end_of_convertReg2ExtendedCANid                  text24       000546
__end_of_convertReg2StandardCANid                  text23       00072A
__end_of_main                                      text0        0008B6
__initialization                                   cinit        0007F4
__mediumconst                                      mediumconst  000000
__pbssCOMRAM                                       bssCOMRAM    000001
__pcinit                                           cinit        0007F4
__pcstackCOMRAM                                    cstackCOMRAM 00001B
__pdataCOMRAM                                      dataCOMRAM   000033
__pidataCOMRAM                                     idataCOMRAM  00098A
__pivt0x8                                          ivt0x8       000008
__ptext0                                           text0        00088C
__ptext1                                           text1        000982
__ptext10                                          text10       000964
__ptext11                                          text11       00096E
__ptext12                                          text12       00072A
__ptext13                                          text13       000978
__ptext14                                          text14       000832
__ptext15                                          text15       000636
__ptext16                                          text16       00098C
__ptext17                                          text17       000900
__ptext18                                          text18       00098E
__ptext19                                          text19       000920
__ptext2                                           text2        000940
__ptext20                                          text20       000990
__ptext21                                          text21       0002CC
__ptext22                                          text22       00001E
__ptext23                                          text23       0006B2
__ptext24                                          text24       00040C
__ptext25                                          text25       000000
__ptext3                                           text3        000860
__ptext4                                           text4        00095A
__ptext5                                           text5        0008DC
__ptext6                                           text6        00079A
__ptext7                                           text7        0008B6
__ptext8                                           text8        000986
__ptext9                                           text9        000546
__ramtop                                           ramtop       001000
__size_of_CAN_receive                              (abs)        000000
__size_of_ECAN_Initialize                          (abs)        000000
__size_of_ECAN_RXB0I_ISR                           (abs)        000000
__size_of_ECAN_SetRXB0InterruptHandler             (abs)        000000
__size_of_ECAN_SetWakeUpInterruptHandler           (abs)        000000
__size_of_ECAN_WAKI_ISR                            (abs)        000000
__size_of_INTERRUPT_Initialize                     (abs)        000000
__size_of_INTERRUPT_InterruptManager               (abs)        000000
__size_of_OSCILLATOR_Initialize                    (abs)        000000
__size_of_PIN_MANAGER_Initialize                   (abs)        000000
__size_of_PMD_Initialize                           (abs)        000000
__size_of_RXB0DefaultInterruptHandler              (abs)        000000
__size_of_RXB0InterruptHandler                     (abs)        000000
__size_of_SYSTEM_Initialize                        (abs)        000000
__size_of_TMR6InterruptHandler                     (abs)        000000
__size_of_TMR6_CallBack                            (abs)        000000
__size_of_TMR6_DefaultInterruptHandler             (abs)        000000
__size_of_TMR6_ISR                                 (abs)        000000
__size_of_TMR6_Initialize                          (abs)        000000
__size_of_TMR6_SetInterruptHandler                 (abs)        000000
__size_of_TMR6_Start                               (abs)        000000
__size_of_WakeUpDefaultInterruptHandler            (abs)        000000
__size_of_convertReg2ExtendedCANid                 (abs)        000000
__size_of_convertReg2StandardCANid                 (abs)        000000
__size_of_main                                     (abs)        000000
__smallconst                                       smallconst   000000
_canMessage                                        bssCOMRAM    00000D
_convertReg2ExtendedCANid                          text24       00040C
_convertReg2StandardCANid                          text23       0006B2
_ignTimer                                          bssCOMRAM    000001
_leds                                              bssCOMRAM    000009
_main                                              text0        00088C
_messageReady                                      bssCOMRAM    00000C
_rb2                                               bssCOMRAM    00000A
_rc0                                               bssCOMRAM    00000B
_yellowTimer                                       dataCOMRAM   000033
convertReg2ExtendedCANid@CAN_standardLo_ID_hi3bits cstackCOMRAM 000029
convertReg2ExtendedCANid@CAN_standardLo_ID_lo2bits cstackCOMRAM 000028
convertReg2ExtendedCANid@ConvertedID               cstackCOMRAM 00002A
convertReg2ExtendedCANid@returnValue               cstackCOMRAM 000024
convertReg2ExtendedCANid@tempRXBn_EIDH             cstackCOMRAM 000023
convertReg2ExtendedCANid@tempRXBn_EIDL             cstackCOMRAM 00001B
convertReg2ExtendedCANid@tempRXBn_SIDH             cstackCOMRAM 00001C
convertReg2ExtendedCANid@tempRXBn_SIDL             cstackCOMRAM 00001D
convertReg2StandardCANid@ConvertedID               cstackCOMRAM 000026
convertReg2StandardCANid@returnValue               cstackCOMRAM 000022
convertReg2StandardCANid@tempRXBn_SIDH             cstackCOMRAM 000021
convertReg2StandardCANid@tempRXBn_SIDL             cstackCOMRAM 00001B
end_of_initialization                              cinit        000828
intlevel0                                          text         000000
intlevel1                                          text         000000
intlevel2                                          text         000000
intlevel3                                          text         000000
isa$std                                            (abs)        000001
isa$xinst                                          (abs)        000000
ivt0x8_base                                        ivt0x8       000008
stackhi                                            (abs)        000FFF
stacklo                                            (abs)        000060
start                                              init         00001A
start_initialization                               cinit        0007F4


MODULE INFORMATION

Module		Function		Class		Link	Load	Size
mcc_generated_files/tmr6.c
		_TMR6_CallBack 		CODE           	0832	0000	46
		_TMR6_ISR      		CODE           	0978	0000	10
		_TMR6_Initialize		CODE           	0860	0000	44
		_TMR6_Start    		CODE           	0982	0000	4
		_TMR6_SetInterruptHandler		CODE           	095A	0000	10
		_TMR6_DefaultInterruptHandler		CODE           	098C	0000	2

mcc_generated_files/tmr6.c estimated size: 116

mcc_generated_files/interrupt_manager.c
		_INTERRUPT_Initialize		CODE           	0986	0000	4
		_INTERRUPT_InterruptManager		CODE           	072A	0000	112

mcc_generated_files/interrupt_manager.c estimated size: 116

mcc_generated_files/pin_manager.c
		_PIN_MANAGER_Initialize		CODE           	079A	0000	90

mcc_generated_files/pin_manager.c estimated size: 90

mcc_generated_files/ecan.c
		_ECAN_RXB0I_ISR		CODE           	0920	0000	32
		_ECAN_SetWakeUpInterruptHandler		CODE           	0964	0000	10
		_ECAN_SetRXB0InterruptHandler		CODE           	096E	0000	10
		_CAN_receive   		CODE           	001E	0000	686
		_ECAN_Initialize		CODE           	0546	0000	240
		_convertReg2ExtendedCANid		CODE           	040C	0000	314
		_RXB0DefaultInterruptHandler		CODE           	0990	0000	2
		_convertReg2StandardCANid		CODE           	06B2	0000	120
		_WakeUpDefaultInterruptHandler		CODE           	098E	0000	2
		_ECAN_WAKI_ISR 		CODE           	0900	0000	32

mcc_generated_files/ecan.c estimated size: 1448

shared
		__initialization		CODE           	07F4	0000	52

shared estimated size: 52

mcc_generated_files/mcc.c
		_PMD_Initialize		CODE           	08DC	0000	36
		_OSCILLATOR_Initialize		CODE           	08B6	0000	38
		_SYSTEM_Initialize		CODE           	0940	0000	26

mcc_generated_files/mcc.c estimated size: 100

main.c
		_main          		CODE           	088C	0000	42
		_TMR6InterruptHandler		CODE           	0636	0000	124
		_RXB0InterruptHandler		CODE           	02CC	0000	320

main.c estimated size: 486

